
> microsservices@0.0.1 build
> npm run prisma:generate && nest build api-gateway && nest build users-service && nest build orders-service && nest build auth-service


> microsservices@0.0.1 prisma:generate
> prisma generate

Environment variables loaded from .env
Prisma schema loaded from prisma\schema.prisma

✔ Generated Prisma Client (v6.17.1) to .\node_modules\@prisma\client in 124ms

Start by importing your Prisma Client (See: https://pris.ly/d/importing-client)

Tip: Interested in query caching in just a few lines of code? Try Accelerate today! https://pris.ly/tip-3-accelerate

webpack 5.104.1 compiled [1m[32msuccessfully[39m[22m in 6794 ms
webpack 5.104.1 compiled [1m[32msuccessfully[39m[22m in 6833 ms
webpack 5.104.1 compiled [1m[32msuccessfully[39m[22m in 6592 ms
webpack 5.104.1 compiled [1m[32msuccessfully[39m[22m in 9085 ms
