apps/auth-service/src/application/use-cases/login-user.use-case.ts(14,70): error TS1272: A type referenced in a decorated signature must be imported with 'import type' or a namespace import when 'isolatedModules' and 'emitDecoratorMetadata' are enabled.
apps/auth-service/src/application/use-cases/login-user.use-case.ts(15,79): error TS1272: A type referenced in a decorated signature must be imported with 'import type' or a namespace import when 'isolatedModules' and 'emitDecoratorMetadata' are enabled.
apps/auth-service/src/application/use-cases/login-user.use-case.ts(16,65): error TS1272: A type referenced in a decorated signature must be imported with 'import type' or a namespace import when 'isolatedModules' and 'emitDecoratorMetadata' are enabled.
apps/auth-service/src/application/use-cases/login-user.use-case.ts(17,57): error TS1272: A type referenced in a decorated signature must be imported with 'import type' or a namespace import when 'isolatedModules' and 'emitDecoratorMetadata' are enabled.
apps/auth-service/src/application/use-cases/login-user.use-case.ts(18,65): error TS1272: A type referenced in a decorated signature must be imported with 'import type' or a namespace import when 'isolatedModules' and 'emitDecoratorMetadata' are enabled.
apps/auth-service/src/application/use-cases/logout.use-case.ts(8,79): error TS1272: A type referenced in a decorated signature must be imported with 'import type' or a namespace import when 'isolatedModules' and 'emitDecoratorMetadata' are enabled.
apps/auth-service/src/application/use-cases/logout.use-case.ts(9,57): error TS1272: A type referenced in a decorated signature must be imported with 'import type' or a namespace import when 'isolatedModules' and 'emitDecoratorMetadata' are enabled.
apps/auth-service/src/application/use-cases/refresh-token.use-case.ts(12,79): error TS1272: A type referenced in a decorated signature must be imported with 'import type' or a namespace import when 'isolatedModules' and 'emitDecoratorMetadata' are enabled.
apps/auth-service/src/application/use-cases/refresh-token.use-case.ts(13,70): error TS1272: A type referenced in a decorated signature must be imported with 'import type' or a namespace import when 'isolatedModules' and 'emitDecoratorMetadata' are enabled.
apps/auth-service/src/application/use-cases/refresh-token.use-case.ts(14,57): error TS1272: A type referenced in a decorated signature must be imported with 'import type' or a namespace import when 'isolatedModules' and 'emitDecoratorMetadata' are enabled.
apps/auth-service/src/application/use-cases/refresh-token.use-case.ts(15,65): error TS1272: A type referenced in a decorated signature must be imported with 'import type' or a namespace import when 'isolatedModules' and 'emitDecoratorMetadata' are enabled.
apps/auth-service/src/application/use-cases/register-user.use-case.ts(10,70): error TS1272: A type referenced in a decorated signature must be imported with 'import type' or a namespace import when 'isolatedModules' and 'emitDecoratorMetadata' are enabled.
apps/auth-service/src/application/use-cases/register-user.use-case.ts(11,65): error TS1272: A type referenced in a decorated signature must be imported with 'import type' or a namespace import when 'isolatedModules' and 'emitDecoratorMetadata' are enabled.
apps/auth-service/src/application/use-cases/register-user.use-case.ts(12,65): error TS1272: A type referenced in a decorated signature must be imported with 'import type' or a namespace import when 'isolatedModules' and 'emitDecoratorMetadata' are enabled.
apps/auth-service/src/application/use-cases/validate-access-token.use-case.ts(8,57): error TS1272: A type referenced in a decorated signature must be imported with 'import type' or a namespace import when 'isolatedModules' and 'emitDecoratorMetadata' are enabled.
apps/auth-service/src/application/use-cases/validate-access-token.use-case.ts(9,70): error TS1272: A type referenced in a decorated signature must be imported with 'import type' or a namespace import when 'isolatedModules' and 'emitDecoratorMetadata' are enabled.
